[INFO] Scanning for projects...
[INFO] 
[INFO] ------------------< com.motorental:motorbike-rental >-------------------
[INFO] Building motorbike-rental 0.0.1-SNAPSHOT
[INFO]   from pom.xml
[INFO] --------------------------------[ jar ]---------------------------------
[INFO] 
[INFO] --- clean:3.3.2:clean (default-clean) @ motorbike-rental ---
[INFO] Deleting C:\Users\Admin\Project_javaSpringboot\target
[INFO] 
[INFO] --- resources:3.3.1:resources (default-resources) @ motorbike-rental ---
[INFO] Copying 0 resource from src\main\resources to target\classes
[INFO] Copying 31 resources from src\main\resources to target\classes
[INFO] 
[INFO] --- compiler:3.11.0:compile (default-compile) @ motorbike-rental ---
[INFO] Changes detected - recompiling the module! :source
[INFO] Compiling 74 source files with javac [debug release 17] to target\classes
[INFO] 
[INFO] --- resources:3.3.1:testResources (default-testResources) @ motorbike-rental ---
[INFO] skip non existing resourceDirectory C:\Users\Admin\Project_javaSpringboot\src\test\resources
[INFO] 
[INFO] --- compiler:3.11.0:testCompile (default-testCompile) @ motorbike-rental ---
[INFO] Changes detected - recompiling the module! :dependency
[INFO] Compiling 1 source file with javac [debug release 17] to target\test-classes
[INFO] 
[INFO] --- surefire:3.1.2:test (default-test) @ motorbike-rental ---
Downloading from central: https://repo.maven.apache.org/maven2/org/apache/maven/surefire/maven-surefire-common/3.1.2/maven-surefire-common-3.1.2.jar
Downloading from central: https://repo.maven.apache.org/maven2/org/apache/maven/surefire/surefire-logger-api/3.1.2/surefire-logger-api-3.1.2.jar
Downloading from central: https://repo.maven.apache.org/maven2/org/apache/maven/surefire/surefire-api/3.1.2/surefire-api-3.1.2.jar
Downloading from central: https://repo.maven.apache.org/maven2/org/apache/maven/surefire/surefire-extensions-api/3.1.2/surefire-extensions-api-3.1.2.jar
Downloading from central: https://repo.maven.apache.org/maven2/org/apache/maven/surefire/surefire-booter/3.1.2/surefire-booter-3.1.2.jar
Progress (1): 0.9/26 kBProgress (2): 0.9/26 kB | 0.9/118 kBProgress (3): 0.9/26 kB | 0.9/118 kB | 0.9/14 kBProgress (4): 0.9/26 kB | 0.9/118 kB | 0.9/14 kB | 0.9/171 kBProgress (4): 0.9/26 kB | 0.9/118 kB | 2.3/14 kB | 0.9/171 kBProgress (4): 0.9/26 kB | 2.3/118 kB | 2.3/14 kB | 0.9/171 kBProgress (4): 2.3/26 kB | 2.3/118 kB | 2.3/14 kB | 0.9/171 kBProgress (4): 2.3/26 kB | 2.3/118 kB | 2.3/14 kB | 2.3/171 kBProgress (4): 2.3/26 kB | 2.3/118 kB | 3.6/14 kB | 2.3/171 kBProgress (4): 2.3/26 kB | 3.6/118 kB | 3.6/14 kB | 2.3/171 kBProgress (4): 3.6/26 kB | 3.6/118 kB | 3.6/14 kB | 2.3/171 kBProgress (4): 3.6/26 kB | 3.6/118 kB | 3.6/14 kB | 3.6/171 kBProgress (4): 3.6/26 kB | 3.6/118 kB | 5.0/14 kB | 3.6/171 kBProgress (4): 3.6/26 kB | 5.0/118 kB | 5.0/14 kB | 3.6/171 kBProgress (4): 5.0/26 kB | 5.0/118 kB | 5.0/14 kB | 3.6/171 kBProgress (4): 5.0/26 kB | 5.0/118 kB | 5.0/14 kB | 5.0/171 kBProgress (4): 5.0/26 kB | 5.0/118 kB | 6.4/14 kB | 5.0/171 kBProgress (4): 5.0/26 kB | 6.4/118 kB | 6.4/14 kB | 5.0/171 kBProgress (4): 6.4/26 kB | 6.4/118 kB | 6.4/14 kB | 5.0/171 kBProgress (4): 6.4/26 kB | 6.4/118 kB | 6.4/14 kB | 6.4/171 kBProgress (4): 6.4/26 kB | 6.4/118 kB | 7.7/14 kB | 6.4/171 kBProgress (4): 6.4/26 kB | 7.7/118 kB | 7.7/14 kB | 6.4/171 kBProgress (4): 7.7/26 kB | 7.7/118 kB | 7.7/14 kB | 6.4/171 kBProgress (4): 7.7/26 kB | 7.7/118 kB | 7.7/14 kB | 7.7/171 kBProgress (4): 7.7/26 kB | 7.7/118 kB | 9.1/14 kB | 7.7/171 kBProgress (4): 7.7/26 kB | 9.1/118 kB | 9.1/14 kB | 7.7/171 kBProgress (4): 7.7/26 kB | 9.1/118 kB | 9.1/14 kB | 9.1/171 kBProgress (4): 9.1/26 kB | 9.1/118 kB | 9.1/14 kB | 9.1/171 kBProgress (4): 9.1/26 kB | 9.1/118 kB | 10/14 kB | 9.1/171 kB Progress (4): 9.1/26 kB | 10/118 kB | 10/14 kB | 9.1/171 kB Progress (4): 9.1/26 kB | 10/118 kB | 10/14 kB | 10/171 kB Progress (4): 9.1/26 kB | 10/118 kB | 12/14 kB | 10/171 kBProgress (4): 10/26 kB | 10/118 kB | 12/14 kB | 10/171 kB Progress (4): 10/26 kB | 10/118 kB | 12/14 kB | 12/171 kBProgress (4): 10/26 kB | 12/118 kB | 12/14 kB | 12/171 kBProgress (4): 10/26 kB | 12/118 kB | 13/14 kB | 12/171 kBProgress (4): 10/26 kB | 12/118 kB | 14 kB | 12/171 kB   Progress (4): 12/26 kB | 12/118 kB | 14 kB | 12/171 kBProgress (4): 12/26 kB | 13/118 kB | 14 kB | 12/171 kBProgress (4): 12/26 kB | 13/118 kB | 14 kB | 13/171 kBProgress (4): 13/26 kB | 13/118 kB | 14 kB | 13/171 kBProgress (4): 13/26 kB | 15/118 kB | 14 kB | 13/171 kBProgress (4): 13/26 kB | 15/118 kB | 14 kB | 15/171 kBProgress (4): 15/26 kB | 15/118 kB | 14 kB | 15/171 kBProgress (4): 15/26 kB | 15/118 kB | 14 kB | 16/171 kBProgress (4): 15/26 kB | 16/118 kB | 14 kB | 16/171 kBProgress (4): 16/26 kB | 16/118 kB | 14 kB | 16/171 kBProgress (4): 17/26 kB | 16/118 kB | 14 kB | 16/171 kBProgress (4): 19/26 kB | 16/118 kB | 14 kB | 16/171 kBProgress (4): 19/26 kB | 17/118 kB | 14 kB | 16/171 kBProgress (4): 19/26 kB | 17/118 kB | 14 kB | 17/171 kBProgress (4): 20/26 kB | 17/118 kB | 14 kB | 17/171 kBProgress (4): 20/26 kB | 17/118 kB | 14 kB | 19/171 kBProgress (4): 20/26 kB | 19/118 kB | 14 kB | 19/171 kBProgress (4): 21/26 kB | 19/118 kB | 14 kB | 19/171 kBProgress (4): 23/26 kB | 19/118 kB | 14 kB | 19/171 kBProgress (4): 23/26 kB | 20/118 kB | 14 kB | 19/171 kBProgress (4): 23/26 kB | 20/118 kB | 14 kB | 20/171 kBProgress (4): 24/26 kB | 20/118 kB | 14 kB | 20/171 kBProgress (4): 24/26 kB | 21/118 kB | 14 kB | 20/171 kBProgress (4): 24/26 kB | 21/118 kB | 14 kB | 21/171 kBProgress (4): 26/26 kB | 21/118 kB | 14 kB | 21/171 kBProgress (4): 26/26 kB | 23/118 kB | 14 kB | 21/171 kBProgress (4): 26 kB | 23/118 kB | 14 kB | 21/171 kB   Progress (4): 26 kB | 24/118 kB | 14 kB | 21/171 kBProgress (4): 26 kB | 24/118 kB | 14 kB | 23/171 kBProgress (4): 26 kB | 25/118 kB | 14 kB | 23/171 kBProgress (4): 26 kB | 25/118 kB | 14 kB | 24/171 kBProgress (4): 26 kB | 27/118 kB | 14 kB | 24/171 kBProgress (4): 26 kB | 27/118 kB | 14 kB | 26/171 kBProgress (4): 26 kB | 28/118 kB | 14 kB | 26/171 kBProgress (4): 26 kB | 28/118 kB | 14 kB | 27/171 kBProgress (4): 26 kB | 30/118 kB | 14 kB | 27/171 kBProgress (4): 26 kB | 30/118 kB | 14 kB | 28/171 kBProgress (4): 26 kB | 31/118 kB | 14 kB | 28/171 kBProgress (4): 26 kB | 31/118 kB | 14 kB | 30/171 kBProgress (4): 26 kB | 32/118 kB | 14 kB | 30/171 kBProgress (4): 26 kB | 32/118 kB | 14 kB | 31/171 kBProgress (4): 26 kB | 32/118 kB | 14 kB | 32/171 kBProgress (4): 26 kB | 34/118 kB | 14 kB | 32/171 kBProgress (4): 26 kB | 34/118 kB | 14 kB | 34/171 kBProgress (4): 26 kB | 35/118 kB | 14 kB | 34/171 kBProgress (4): 26 kB | 35/118 kB | 14 kB | 35/171 kBProgress (4): 26 kB | 35/118 kB | 14 kB | 36/171 kBProgress (4): 26 kB | 36/118 kB | 14 kB | 36/171 kBProgress (4): 26 kB | 36/118 kB | 14 kB | 38/171 kBProgress (4): 26 kB | 38/118 kB | 14 kB | 38/171 kBProgress (4): 26 kB | 38/118 kB | 14 kB | 39/171 kBProgress (4): 26 kB | 38/118 kB | 14 kB | 41/171 kBProgress (4): 26 kB | 39/118 kB | 14 kB | 41/171 kBProgress (4): 26 kB | 39/118 kB | 14 kB | 42/171 kBProgress (4): 26 kB | 41/118 kB | 14 kB | 42/171 kBProgress (4): 26 kB | 41/118 kB | 14 kB | 43/171 kBProgress (4): 26 kB | 41/118 kB | 14 kB | 45/171 kBProgress (4): 26 kB | 42/118 kB | 14 kB | 45/171 kBProgress (4): 26 kB | 42/118 kB | 14 kB | 46/171 kBProgress (4): 26 kB | 43/118 kB | 14 kB | 46/171 kBProgress (4): 26 kB | 43/118 kB | 14 kB | 47/171 kBProgress (4): 26 kB | 43/118 kB | 14 kB | 49/171 kBProgress (4): 26 kB | 45/118 kB | 14 kB | 49/171 kBProgress (4): 26 kB | 46/118 kB | 14 kB | 49/171 kBProgress (4): 26 kB | 46/118 kB | 14 kB | 50/171 kBProgress (4): 26 kB | 46/118 kB | 14 kB | 52/171 kBProgress (4): 26 kB | 47/118 kB | 14 kB | 52/171 kBProgress (4): 26 kB | 47/118 kB | 14 kB | 53/171 kBProgress (4): 26 kB | 49/118 kB | 14 kB | 53/171 kBProgress (4): 26 kB | 49/118 kB | 14 kB | 54/171 kBProgress (4): 26 kB | 50/118 kB | 14 kB | 54/171 kBProgress (4): 26 kB | 50/118 kB | 14 kB | 56/171 kBProgress (4): 26 kB | 51/118 kB | 14 kB | 56/171 kBProgress (4): 26 kB | 53/118 kB | 14 kB | 56/171 kBProgress (4): 26 kB | 53/118 kB | 14 kB | 57/171 kBProgress (4): 26 kB | 54/118 kB | 14 kB | 57/171 kBProgress (4): 26 kB | 56/118 kB | 14 kB | 57/171 kBProgress (4): 26 kB | 56/118 kB | 14 kB | 61/171 kBProgress (4): 26 kB | 60/118 kB | 14 kB | 61/171 kB                                                   Downloaded from central: https://repo.maven.apache.org/maven2/org/apache/maven/surefire/surefire-extensions-api/3.1.2/surefire-extensions-api-3.1.2.jar (26 kB at 53 kB/s)
Downloaded from central: https://repo.maven.apache.org/maven2/org/apache/maven/surefire/surefire-logger-api/3.1.2/surefire-logger-api-3.1.2.jar (14 kB at 28 kB/s)
Downloading from central: https://repo.maven.apache.org/maven2/org/eclipse/aether/aether-util/1.0.0.v20140518/aether-util-1.0.0.v20140518.jar
Downloading from central: https://repo.maven.apache.org/maven2/org/apache/maven/surefire/surefire-extensions-spi/3.1.2/surefire-extensions-spi-3.1.2.jar
Progress (2): 64/118 kB | 61/171 kBProgress (2): 68/118 kB | 61/171 kBProgress (2): 73/118 kB | 61/171 kBProgress (2): 77/118 kB | 61/171 kBProgress (2): 81/118 kB | 61/171 kBProgress (3): 81/118 kB | 61/171 kB | 0.9/306 kBProgress (3): 81/118 kB | 61/171 kB | 2.3/306 kBProgress (3): 81/118 kB | 61/171 kB | 3.6/306 kBProgress (3): 81/118 kB | 61/171 kB | 5.0/306 kBProgress (3): 81/118 kB | 61/171 kB | 6.4/306 kBProgress (3): 81/118 kB | 61/171 kB | 7.7/306 kBProgress (3): 81/118 kB | 61/171 kB | 9.1/306 kBProgress (3): 81/118 kB | 61/171 kB | 10/306 kB Progress (3): 81/118 kB | 61/171 kB | 12/306 kBProgress (3): 81/118 kB | 61/171 kB | 13/306 kBProgress (3): 81/118 kB | 61/171 kB | 15/306 kBProgress (3): 81/118 kB | 61/171 kB | 16/306 kBProgress (3): 81/118 kB | 61/171 kB | 17/306 kBProgress (3): 81/118 kB | 61/171 kB | 19/306 kBProgress (3): 81/118 kB | 61/171 kB | 20/306 kBProgress (3): 81/118 kB | 61/171 kB | 21/306 kBProgress (3): 81/118 kB | 61/171 kB | 23/306 kBProgress (3): 81/118 kB | 61/171 kB | 24/306 kBProgress (3): 81/118 kB | 61/171 kB | 25/306 kBProgress (3): 81/118 kB | 61/171 kB | 26/306 kBProgress (3): 81/118 kB | 61/171 kB | 27/306 kBProgress (3): 81/118 kB | 61/171 kB | 29/306 kBProgress (3): 81/118 kB | 61/171 kB | 30/306 kBProgress (3): 81/118 kB | 61/171 kB | 31/306 kBProgress (3): 81/118 kB | 61/171 kB | 33/306 kBProgress (3): 81/118 kB | 61/171 kB | 34/306 kBProgress (3): 81/118 kB | 61/171 kB | 36/306 kBProgress (3): 81/118 kB | 61/171 kB | 37/306 kBProgress (3): 81/118 kB | 61/171 kB | 38/306 kBProgress (3): 81/118 kB | 61/171 kB | 40/306 kBProgress (3): 81/118 kB | 61/171 kB | 41/306 kBProgress (3): 81/118 kB | 61/171 kB | 42/306 kBProgress (3): 81/118 kB | 61/171 kB | 44/306 kBProgress (3): 81/118 kB | 61/171 kB | 45/306 kBProgress (3): 81/118 kB | 61/171 kB | 46/306 kBProgress (3): 81/118 kB | 61/171 kB | 48/306 kBProgress (3): 81/118 kB | 61/171 kB | 49/306 kBProgress (3): 81/118 kB | 61/171 kB | 51/306 kBProgress (3): 81/118 kB | 61/171 kB | 52/306 kBProgress (3): 81/118 kB | 61/171 kB | 53/306 kBProgress (3): 81/118 kB | 61/171 kB | 55/306 kBProgress (3): 81/118 kB | 61/171 kB | 59/306 kBProgress (3): 81/118 kB | 61/171 kB | 63/306 kBProgress (3): 81/118 kB | 65/171 kB | 63/306 kBProgress (3): 81/118 kB | 70/171 kB | 63/306 kBProgress (3): 81/118 kB | 74/171 kB | 63/306 kBProgress (3): 81/118 kB | 78/171 kB | 63/306 kBProgress (3): 81/118 kB | 82/171 kB | 63/306 kBProgress (3): 81/118 kB | 86/171 kB | 63/306 kBProgress (3): 81/118 kB | 91/171 kB | 63/306 kBProgress (3): 81/118 kB | 95/171 kB | 63/306 kBProgress (3): 81/118 kB | 99/171 kB | 63/306 kBProgress (3): 81/118 kB | 103/171 kB | 63/306 kBProgress (3): 81/118 kB | 108/171 kB | 63/306 kBProgress (3): 81/118 kB | 112/171 kB | 63/306 kBProgress (3): 81/118 kB | 116/171 kB | 63/306 kBProgress (3): 81/118 kB | 120/171 kB | 63/306 kBProgress (3): 81/118 kB | 125/171 kB | 63/306 kBProgress (4): 81/118 kB | 125/171 kB | 63/306 kB | 0.9/146 kBProgress (5): 81/118 kB | 125/171 kB | 63/306 kB | 0.9/146 kB | 0.9/8.2 kBProgress (5): 81/118 kB | 125/171 kB | 63/306 kB | 0.9/146 kB | 2.3/8.2 kBProgress (5): 81/118 kB | 125/171 kB | 63/306 kB | 0.9/146 kB | 3.6/8.2 kBProgress (5): 81/118 kB | 125/171 kB | 63/306 kB | 2.3/146 kB | 3.6/8.2 kBProgress (5): 81/118 kB | 125/171 kB | 63/306 kB | 2.3/146 kB | 5.0/8.2 kBProgress (5): 81/118 kB | 125/171 kB | 63/306 kB | 3.4/146 kB | 5.0/8.2 kBProgress (5): 81/118 kB | 125/171 kB | 63/306 kB | 3.4/146 kB | 6.4/8.2 kBProgress (5): 81/118 kB | 125/171 kB | 63/306 kB | 4.7/146 kB | 6.4/8.2 kBProgress (5): 81/118 kB | 125/171 kB | 63/306 kB | 4.7/146 kB | 7.7/8.2 kBProgress (5): 81/118 kB | 125/171 kB | 63/306 kB | 6.1/146 kB | 7.7/8.2 kBProgress (5): 81/118 kB | 129/171 kB | 63/306 kB | 6.1/146 kB | 7.7/8.2 kBProgress (5): 81/118 kB | 129/171 kB | 63/306 kB | 6.1/146 kB | 8.2 kB    Progress (5): 81/118 kB | 129/171 kB | 63/306 kB | 7.5/146 kB | 8.2 kBProgress (5): 81/118 kB | 129/171 kB | 63/306 kB | 8.8/146 kB | 8.2 kBProgress (5): 81/118 kB | 133/171 kB | 63/306 kB | 8.8/146 kB | 8.2 kBProgress (5): 81/118 kB | 133/171 kB | 63/306 kB | 10/146 kB | 8.2 kB Progress (5): 81/118 kB | 133/171 kB | 63/306 kB | 12/146 kB | 8.2 kBProgress (5): 81/118 kB | 133/171 kB | 63/306 kB | 13/146 kB | 8.2 kBProgress (5): 81/118 kB | 133/171 kB | 63/306 kB | 14/146 kB | 8.2 kBProgress (5): 81/118 kB | 133/171 kB | 63/306 kB | 16/146 kB | 8.2 kBProgress (5): 81/118 kB | 133/171 kB | 63/306 kB | 17/146 kB | 8.2 kBProgress (5): 81/118 kB | 133/171 kB | 63/306 kB | 18/146 kB | 8.2 kBProgress (5): 81/118 kB | 133/171 kB | 63/306 kB | 20/146 kB | 8.2 kBProgress (5): 81/118 kB | 133/171 kB | 63/306 kB | 21/146 kB | 8.2 kBProgress (5): 81/118 kB | 133/171 kB | 63/306 kB | 23/146 kB | 8.2 kBProgress (5): 81/118 kB | 133/171 kB | 63/306 kB | 24/146 kB | 8.2 kBProgress (5): 81/118 kB | 133/171 kB | 63/306 kB | 25/146 kB | 8.2 kBProgress (5): 81/118 kB | 133/171 kB | 63/306 kB | 27/146 kB | 8.2 kBProgress (5): 81/118 kB | 133/171 kB | 63/306 kB | 28/146 kB | 8.2 kBProgress (5): 81/118 kB | 133/171 kB | 63/306 kB | 29/146 kB | 8.2 kBProgress (5): 81/118 kB | 133/171 kB | 63/306 kB | 31/146 kB | 8.2 kBProgress (5): 81/118 kB | 133/171 kB | 63/306 kB | 32/146 kB | 8.2 kBProgress (5): 81/118 kB | 133/171 kB | 63/306 kB | 33/146 kB | 8.2 kBProgress (5): 81/118 kB | 133/171 kB | 63/306 kB | 35/146 kB | 8.2 kBProgress (5): 81/118 kB | 133/171 kB | 63/306 kB | 36/146 kB | 8.2 kBProgress (5): 81/118 kB | 133/171 kB | 63/306 kB | 38/146 kB | 8.2 kBProgress (5): 81/118 kB | 133/171 kB | 63/306 kB | 39/146 kB | 8.2 kBProgress (5): 81/118 kB | 133/171 kB | 63/306 kB | 40/146 kB | 8.2 kBProgress (5): 81/118 kB | 133/171 kB | 63/306 kB | 44/146 kB | 8.2 kBProgress (5): 81/118 kB | 133/171 kB | 63/306 kB | 49/146 kB | 8.2 kBProgress (5): 81/118 kB | 133/171 kB | 63/306 kB | 53/146 kB | 8.2 kBProgress (5): 81/118 kB | 133/171 kB | 63/306 kB | 57/146 kB | 8.2 kBProgress (5): 81/118 kB | 133/171 kB | 63/306 kB | 61/146 kB | 8.2 kB                                                                     Downloaded from central: https://repo.maven.apache.org/maven2/org/apache/maven/surefire/surefire-extensions-spi/3.1.2/surefire-extensions-spi-3.1.2.jar (8.2 kB at 14 kB/s)
Downloading from central: https://repo.maven.apache.org/maven2/org/eclipse/aether/aether-api/1.0.0.v20140518/aether-api-1.0.0.v20140518.jar
Progress (4): 81/118 kB | 137/171 kB | 63/306 kB | 61/146 kBProgress (4): 81/118 kB | 141/171 kB | 63/306 kB | 61/146 kBProgress (4): 81/118 kB | 146/171 kB | 63/306 kB | 61/146 kBProgress (4): 81/118 kB | 150/171 kB | 63/306 kB | 61/146 kBProgress (4): 81/118 kB | 154/171 kB | 63/306 kB | 61/146 kBProgress (4): 81/118 kB | 158/171 kB | 63/306 kB | 61/146 kBProgress (4): 81/118 kB | 163/171 kB | 63/306 kB | 61/146 kBProgress (4): 81/118 kB | 167/171 kB | 63/306 kB | 61/146 kBProgress (4): 81/118 kB | 171 kB | 63/306 kB | 61/146 kB                                                            Downloaded from central: https://repo.maven.apache.org/maven2/org/apache/maven/surefire/surefire-api/3.1.2/surefire-api-3.1.2.jar (171 kB at 280 kB/s)
Downloading from central: https://repo.maven.apache.org/maven2/org/apache/maven/shared/maven-common-artifact-filters/3.1.1/maven-common-artifact-filters-3.1.1.jar
Progress (3): 85/118 kB | 63/306 kB | 61/146 kBProgress (3): 85/118 kB | 67/306 kB | 61/146 kBProgress (3): 89/118 kB | 67/306 kB | 61/146 kBProgress (3): 89/118 kB | 72/306 kB | 61/146 kBProgress (3): 89/118 kB | 72/306 kB | 65/146 kBProgress (3): 94/118 kB | 72/306 kB | 65/146 kBProgress (3): 94/118 kB | 76/306 kB | 65/146 kBProgress (3): 98/118 kB | 76/306 kB | 65/146 kBProgress (3): 98/118 kB | 80/306 kB | 65/146 kBProgress (3): 98/118 kB | 80/306 kB | 70/146 kBProgress (3): 102/118 kB | 80/306 kB | 70/146 kBProgress (3): 102/118 kB | 84/306 kB | 70/146 kBProgress (3): 102/118 kB | 84/306 kB | 74/146 kBProgress (3): 106/118 kB | 84/306 kB | 74/146 kBProgress (3): 106/118 kB | 84/306 kB | 78/146 kBProgress (3): 106/118 kB | 89/306 kB | 78/146 kBProgress (3): 111/118 kB | 89/306 kB | 78/146 kBProgress (3): 111/118 kB | 89/306 kB | 82/146 kBProgress (3): 111/118 kB | 93/306 kB | 82/146 kBProgress (3): 115/118 kB | 93/306 kB | 82/146 kBProgress (3): 118 kB | 93/306 kB | 82/146 kB    Progress (3): 118 kB | 93/306 kB | 87/146 kBProgress (3): 118 kB | 97/306 kB | 87/146 kBProgress (3): 118 kB | 98/306 kB | 87/146 kBProgress (3): 118 kB | 98/306 kB | 91/146 kBProgress (3): 118 kB | 103/306 kB | 91/146 kBProgress (3): 118 kB | 103/306 kB | 95/146 kBProgress (3): 118 kB | 106/306 kB | 95/146 kBProgress (3): 118 kB | 111/306 kB | 95/146 kB                                             Downloaded from central: https://repo.maven.apache.org/maven2/org/apache/maven/surefire/surefire-booter/3.1.2/surefire-booter-3.1.2.jar (118 kB at 180 kB/s)
Downloading from central: https://repo.maven.apache.org/maven2/commons-io/commons-io/2.12.0/commons-io-2.12.0.jar
Progress (2): 111/306 kB | 99/146 kBProgress (2): 111/306 kB | 104/146 kBProgress (2): 111/306 kB | 108/146 kBProgress (2): 111/306 kB | 112/146 kBProgress (2): 111/306 kB | 116/146 kBProgress (2): 111/306 kB | 120/146 kBProgress (2): 111/306 kB | 125/146 kBProgress (3): 111/306 kB | 125/146 kB | 3.8/61 kBProgress (3): 111/306 kB | 125/146 kB | 8.0/61 kBProgress (3): 111/306 kB | 125/146 kB | 12/61 kB Progress (3): 111/306 kB | 125/146 kB | 16/61 kBProgress (3): 111/306 kB | 125/146 kB | 21/61 kBProgress (3): 111/306 kB | 125/146 kB | 25/61 kBProgress (3): 111/306 kB | 125/146 kB | 29/61 kBProgress (3): 111/306 kB | 125/146 kB | 32/61 kBProgress (3): 111/306 kB | 125/146 kB | 36/61 kBProgress (3): 111/306 kB | 125/146 kB | 40/61 kBProgress (3): 111/306 kB | 125/146 kB | 45/61 kBProgress (3): 111/306 kB | 125/146 kB | 49/61 kBProgress (3): 111/306 kB | 125/146 kB | 61 kB   Progress (3): 111/306 kB | 129/146 kB | 61 kBProgress (3): 111/306 kB | 133/146 kB | 61 kBProgress (4): 111/306 kB | 133/146 kB | 61 kB | 1.4/136 kBProgress (4): 111/306 kB | 133/146 kB | 61 kB | 2.7/136 kBProgress (4): 111/306 kB | 133/146 kB | 61 kB | 4.1/136 kBProgress (4): 111/306 kB | 133/146 kB | 61 kB | 5.5/136 kBProgress (4): 111/306 kB | 133/146 kB | 61 kB | 6.8/136 kBProgress (4): 111/306 kB | 133/146 kB | 61 kB | 8.2/136 kB                                                          Downloaded from central: https://repo.maven.apache.org/maven2/org/apache/maven/shared/maven-common-artifact-filters/3.1.1/maven-common-artifact-filters-3.1.1.jar (61 kB at 88 kB/s)
Downloading from central: https://repo.maven.apache.org/maven2/org/apache/maven/surefire/surefire-shared-utils/3.1.2/surefire-shared-utils-3.1.2.jar
Progress (3): 111/306 kB | 133/146 kB | 9.6/136 kBProgress (3): 111/306 kB | 133/146 kB | 11/136 kB Progress (3): 111/306 kB | 133/146 kB | 12/136 kBProgress (3): 111/306 kB | 133/146 kB | 14/136 kBProgress (3): 111/306 kB | 133/146 kB | 15/136 kBProgress (3): 111/306 kB | 137/146 kB | 15/136 kBProgress (3): 111/306 kB | 137/146 kB | 16/136 kBProgress (3): 111/306 kB | 142/146 kB | 16/136 kBProgress (3): 111/306 kB | 142/146 kB | 18/136 kBProgress (3): 111/306 kB | 146/146 kB | 18/136 kBProgress (3): 111/306 kB | 146 kB | 18/136 kB    Progress (3): 111/306 kB | 146 kB | 22/136 kBProgress (3): 111/306 kB | 146 kB | 25/136 kBProgress (3): 111/306 kB | 146 kB | 29/136 kBProgress (3): 111/306 kB | 146 kB | 33/136 kBProgress (3): 111/306 kB | 146 kB | 37/136 kBProgress (3): 111/306 kB | 146 kB | 41/136 kBProgress (3): 111/306 kB | 146 kB | 46/136 kBProgress (3): 111/306 kB | 146 kB | 50/136 kBProgress (3): 111/306 kB | 146 kB | 54/136 kBProgress (3): 111/306 kB | 146 kB | 58/136 kBProgress (3): 111/306 kB | 146 kB | 63/136 kB                                             Downloaded from central: https://repo.maven.apache.org/maven2/org/eclipse/aether/aether-util/1.0.0.v20140518/aether-util-1.0.0.v20140518.jar (146 kB at 205 kB/s)
Progress (2): 111/306 kB | 66/136 kBProgress (2): 111/306 kB | 70/136 kBProgress (2): 111/306 kB | 74/136 kBProgress (2): 115/306 kB | 74/136 kBProgress (2): 119/306 kB | 74/136 kBProgress (2): 123/306 kB | 74/136 kBProgress (2): 127/306 kB | 74/136 kBProgress (2): 131/306 kB | 74/136 kBProgress (2): 135/306 kB | 74/136 kBProgress (2): 140/306 kB | 74/136 kBProgress (2): 144/306 kB | 74/136 kBProgress (2): 147/306 kB | 74/136 kBProgress (2): 152/306 kB | 74/136 kBProgress (2): 156/306 kB | 74/136 kBProgress (2): 160/306 kB | 74/136 kBProgress (3): 160/306 kB | 74/136 kB | 3.8/474 kBProgress (3): 164/306 kB | 74/136 kB | 3.8/474 kBProgress (3): 168/306 kB | 74/136 kB | 3.8/474 kBProgress (3): 168/306 kB | 74/136 kB | 8.0/474 kBProgress (3): 172/306 kB | 74/136 kB | 8.0/474 kBProgress (3): 172/306 kB | 74/136 kB | 12/474 kB Progress (3): 172/306 kB | 74/136 kB | 16/474 kBProgress (3): 172/306 kB | 74/136 kB | 21/474 kBProgress (3): 172/306 kB | 78/136 kB | 21/474 kBProgress (3): 172/306 kB | 82/136 kB | 21/474 kBProgress (3): 172/306 kB | 86/136 kB | 21/474 kBProgress (3): 172/306 kB | 90/136 kB | 21/474 kBProgress (3): 172/306 kB | 95/136 kB | 21/474 kBProgress (3): 172/306 kB | 98/136 kB | 21/474 kBProgress (3): 172/306 kB | 103/136 kB | 21/474 kBProgress (3): 172/306 kB | 103/136 kB | 25/474 kBProgress (3): 176/306 kB | 103/136 kB | 25/474 kBProgress (3): 176/306 kB | 103/136 kB | 29/474 kBProgress (3): 180/306 kB | 103/136 kB | 29/474 kBProgress (3): 180/306 kB | 103/136 kB | 33/474 kBProgress (3): 185/306 kB | 103/136 kB | 33/474 kBProgress (3): 185/306 kB | 103/136 kB | 38/474 kBProgress (3): 189/306 kB | 103/136 kB | 38/474 kBProgress (3): 189/306 kB | 103/136 kB | 41/474 kBProgress (3): 193/306 kB | 103/136 kB | 41/474 kBProgress (3): 193/306 kB | 103/136 kB | 45/474 kBProgress (3): 197/306 kB | 103/136 kB | 45/474 kBProgress (3): 197/306 kB | 103/136 kB | 49/474 kBProgress (3): 197/306 kB | 103/136 kB | 54/474 kBProgress (3): 197/306 kB | 103/136 kB | 57/474 kBProgress (3): 197/306 kB | 107/136 kB | 57/474 kBProgress (3): 197/306 kB | 107/136 kB | 62/474 kBProgress (3): 197/306 kB | 111/136 kB | 62/474 kBProgress (3): 197/306 kB | 111/136 kB | 66/474 kBProgress (3): 197/306 kB | 115/136 kB | 66/474 kBProgress (3): 197/306 kB | 119/136 kB | 66/474 kBProgress (3): 197/306 kB | 119/136 kB | 70/474 kBProgress (3): 197/306 kB | 124/136 kB | 70/474 kBProgress (3): 197/306 kB | 124/136 kB | 74/474 kBProgress (3): 197/306 kB | 124/136 kB | 78/474 kBProgress (3): 197/306 kB | 124/136 kB | 82/474 kBProgress (3): 197/306 kB | 128/136 kB | 82/474 kBProgress (3): 197/306 kB | 132/136 kB | 82/474 kBProgress (3): 197/306 kB | 136 kB | 82/474 kB                                                 Downloaded from central: https://repo.maven.apache.org/maven2/org/eclipse/aether/aether-api/1.0.0.v20140518/aether-api-1.0.0.v20140518.jar (136 kB at 171 kB/s)
Progress (3): 197/306 kB | 82/474 kB | 0/2.3 MBProgress (3): 197/306 kB | 82/474 kB | 0/2.3 MBProgress (3): 197/306 kB | 82/474 kB | 0/2.3 MBProgress (3): 197/306 kB | 82/474 kB | 0/2.3 MBProgress (3): 197/306 kB | 82/474 kB | 0.1/2.3 MBProgress (3): 197/306 kB | 82/474 kB | 0.1/2.3 MBProgress (3): 197/306 kB | 82/474 kB | 0.1/2.3 MBProgress (3): 197/306 kB | 82/474 kB | 0.1/2.3 MBProgress (3): 197/306 kB | 82/474 kB | 0.1/2.3 MBProgress (3): 197/306 kB | 82/474 kB | 0.1/2.3 MBProgress (3): 202/306 kB | 82/474 kB | 0.1/2.3 MBProgress (3): 202/306 kB | 86/474 kB | 0.1/2.3 MBProgress (3): 206/306 kB | 86/474 kB | 0.1/2.3 MBProgress (3): 206/306 kB | 90/474 kB | 0.1/2.3 MBProgress (3): 210/306 kB | 90/474 kB | 0.1/2.3 MBProgress (3): 210/306 kB | 94/474 kB | 0.1/2.3 MBProgress (3): 214/306 kB | 94/474 kB | 0.1/2.3 MBProgress (3): 219/306 kB | 94/474 kB | 0.1/2.3 MBProgress (3): 219/306 kB | 99/474 kB | 0.1/2.3 MBProgress (3): 219/306 kB | 103/474 kB | 0.1/2.3 MBProgress (3): 235/306 kB | 103/474 kB | 0.1/2.3 MBProgress (3): 251/306 kB | 103/474 kB | 0.1/2.3 MBProgress (3): 251/306 kB | 103/474 kB | 0.2/2.3 MBProgress (3): 251/306 kB | 103/474 kB | 0.2/2.3 MBProgress (3): 251/306 kB | 103/474 kB | 0.2/2.3 MBProgress (3): 251/306 kB | 103/474 kB | 0.2/2.3 MBProgress (3): 251/306 kB | 103/474 kB | 0.2/2.3 MBProgress (3): 251/306 kB | 103/474 kB | 0.2/2.3 MBProgress (3): 251/306 kB | 103/474 kB | 0.3/2.3 MBProgress (3): 251/306 kB | 103/474 kB | 0.3/2.3 MBProgress (3): 251/306 kB | 119/474 kB | 0.3/2.3 MBProgress (3): 268/306 kB | 119/474 kB | 0.3/2.3 MBProgress (3): 268/306 kB | 131/474 kB | 0.3/2.3 MBProgress (3): 284/306 kB | 131/474 kB | 0.3/2.3 MBProgress (3): 284/306 kB | 139/474 kB | 0.3/2.3 MBProgress (3): 284/306 kB | 156/474 kB | 0.3/2.3 MBProgress (3): 284/306 kB | 156/474 kB | 0.3/2.3 MBProgress (3): 284/306 kB | 164/474 kB | 0.3/2.3 MBProgress (3): 284/306 kB | 164/474 kB | 0.3/2.3 MBProgress (3): 284/306 kB | 164/474 kB | 0.3/2.3 MBProgress (3): 284/306 kB | 164/474 kB | 0.3/2.3 MBProgress (3): 284/306 kB | 164/474 kB | 0.4/2.3 MBProgress (3): 284/306 kB | 164/474 kB | 0.4/2.3 MBProgress (3): 284/306 kB | 164/474 kB | 0.4/2.3 MBProgress (3): 284/306 kB | 164/474 kB | 0.4/2.3 MBProgress (3): 284/306 kB | 164/474 kB | 0.4/2.3 MBProgress (3): 284/306 kB | 164/474 kB | 0.4/2.3 MBProgress (3): 284/306 kB | 164/474 kB | 0.5/2.3 MBProgress (3): 284/306 kB | 164/474 kB | 0.5/2.3 MBProgress (3): 284/306 kB | 164/474 kB | 0.5/2.3 MBProgress (3): 284/306 kB | 164/474 kB | 0.5/2.3 MBProgress (3): 284/306 kB | 164/474 kB | 0.5/2.3 MBProgress (3): 284/306 kB | 164/474 kB | 0.5/2.3 MBProgress (3): 284/306 kB | 164/474 kB | 0.5/2.3 MBProgress (3): 284/306 kB | 164/474 kB | 0.6/2.3 MBProgress (3): 284/306 kB | 164/474 kB | 0.6/2.3 MBProgress (3): 284/306 kB | 164/474 kB | 0.6/2.3 MBProgress (3): 284/306 kB | 164/474 kB | 0.6/2.3 MBProgress (3): 284/306 kB | 164/474 kB | 0.6/2.3 MBProgress (3): 284/306 kB | 164/474 kB | 0.6/2.3 MBProgress (3): 284/306 kB | 164/474 kB | 0.7/2.3 MBProgress (3): 284/306 kB | 164/474 kB | 0.7/2.3 MBProgress (3): 284/306 kB | 164/474 kB | 0.7/2.3 MBProgress (3): 284/306 kB | 164/474 kB | 0.7/2.3 MBProgress (3): 284/306 kB | 164/474 kB | 0.7/2.3 MBProgress (3): 284/306 kB | 164/474 kB | 0.7/2.3 MBProgress (3): 284/306 kB | 164/474 kB | 0.8/2.3 MBProgress (3): 284/306 kB | 164/474 kB | 0.8/2.3 MBProgress (3): 284/306 kB | 164/474 kB | 0.8/2.3 MBProgress (3): 284/306 kB | 164/474 kB | 0.8/2.3 MBProgress (3): 284/306 kB | 164/474 kB | 0.8/2.3 MBProgress (3): 284/306 kB | 164/474 kB | 0.8/2.3 MBProgress (3): 284/306 kB | 164/474 kB | 0.9/2.3 MBProgress (3): 284/306 kB | 164/474 kB | 0.9/2.3 MBProgress (3): 284/306 kB | 164/474 kB | 0.9/2.3 MBProgress (3): 284/306 kB | 180/474 kB | 0.9/2.3 MBProgress (3): 300/306 kB | 180/474 kB | 0.9/2.3 MBProgress (3): 303/306 kB | 180/474 kB | 0.9/2.3 MBProgress (3): 306 kB | 180/474 kB | 0.9/2.3 MB    Progress (3): 306 kB | 188/474 kB | 0.9/2.3 MBProgress (3): 306 kB | 197/474 kB | 0.9/2.3 MBProgress (3): 306 kB | 205/474 kB | 0.9/2.3 MBProgress (3): 306 kB | 221/474 kB | 0.9/2.3 MBProgress (3): 306 kB | 221/474 kB | 0.9/2.3 MBProgress (3): 306 kB | 221/474 kB | 0.9/2.3 MBProgress (3): 306 kB | 221/474 kB | 0.9/2.3 MBProgress (3): 306 kB | 221/474 kB | 1.0/2.3 MBProgress (3): 306 kB | 221/474 kB | 1.0/2.3 MBProgress (3): 306 kB | 221/474 kB | 1.0/2.3 MBProgress (3): 306 kB | 221/474 kB | 1.0/2.3 MBProgress (3): 306 kB | 221/474 kB | 1.0/2.3 MB                                              Downloaded from central: https://repo.maven.apache.org/maven2/org/apache/maven/surefire/maven-surefire-common/3.1.2/maven-surefire-common-3.1.2.jar (306 kB at 290 kB/s)
Progress (2): 221/474 kB | 1.0/2.3 MBProgress (2): 221/474 kB | 1.1/2.3 MBProgress (2): 221/474 kB | 1.1/2.3 MBProgress (2): 221/474 kB | 1.1/2.3 MBProgress (2): 221/474 kB | 1.1/2.3 MBProgress (2): 221/474 kB | 1.1/2.3 MBProgress (2): 221/474 kB | 1.1/2.3 MBProgress (2): 221/474 kB | 1.2/2.3 MBProgress (2): 221/474 kB | 1.2/2.3 MBProgress (2): 221/474 kB | 1.2/2.3 MBProgress (2): 221/474 kB | 1.2/2.3 MBProgress (2): 221/474 kB | 1.2/2.3 MBProgress (2): 221/474 kB | 1.2/2.3 MBProgress (2): 221/474 kB | 1.3/2.3 MBProgress (2): 221/474 kB | 1.3/2.3 MBProgress (2): 221/474 kB | 1.3/2.3 MBProgress (2): 221/474 kB | 1.3/2.3 MBProgress (2): 221/474 kB | 1.3/2.3 MBProgress (2): 221/474 kB | 1.3/2.3 MBProgress (2): 221/474 kB | 1.4/2.3 MBProgress (2): 221/474 kB | 1.4/2.3 MBProgress (2): 221/474 kB | 1.4/2.3 MBProgress (2): 221/474 kB | 1.4/2.3 MBProgress (2): 221/474 kB | 1.4/2.3 MBProgress (2): 221/474 kB | 1.4/2.3 MBProgress (2): 221/474 kB | 1.4/2.3 MBProgress (2): 221/474 kB | 1.5/2.3 MBProgress (2): 221/474 kB | 1.5/2.3 MBProgress (2): 221/474 kB | 1.5/2.3 MBProgress (2): 221/474 kB | 1.5/2.3 MBProgress (2): 221/474 kB | 1.5/2.3 MBProgress (2): 221/474 kB | 1.5/2.3 MBProgress (2): 221/474 kB | 1.6/2.3 MBProgress (2): 221/474 kB | 1.6/2.3 MBProgress (2): 221/474 kB | 1.6/2.3 MBProgress (2): 221/474 kB | 1.6/2.3 MBProgress (2): 221/474 kB | 1.6/2.3 MBProgress (2): 221/474 kB | 1.6/2.3 MBProgress (2): 221/474 kB | 1.7/2.3 MBProgress (2): 221/474 kB | 1.7/2.3 MBProgress (2): 221/474 kB | 1.7/2.3 MBProgress (2): 221/474 kB | 1.7/2.3 MBProgress (2): 221/474 kB | 1.7/2.3 MBProgress (2): 221/474 kB | 1.7/2.3 MBProgress (2): 221/474 kB | 1.8/2.3 MBProgress (2): 221/474 kB | 1.8/2.3 MBProgress (2): 221/474 kB | 1.8/2.3 MBProgress (2): 221/474 kB | 1.8/2.3 MBProgress (2): 221/474 kB | 1.8/2.3 MBProgress (2): 221/474 kB | 1.8/2.3 MBProgress (2): 221/474 kB | 1.9/2.3 MBProgress (2): 221/474 kB | 1.9/2.3 MBProgress (2): 221/474 kB | 1.9/2.3 MBProgress (2): 221/474 kB | 1.9/2.3 MBProgress (2): 221/474 kB | 1.9/2.3 MBProgress (2): 221/474 kB | 1.9/2.3 MBProgress (2): 221/474 kB | 2.0/2.3 MBProgress (2): 221/474 kB | 2.0/2.3 MBProgress (2): 221/474 kB | 2.0/2.3 MBProgress (2): 221/474 kB | 2.0/2.3 MBProgress (2): 221/474 kB | 2.0/2.3 MBProgress (2): 221/474 kB | 2.0/2.3 MBProgress (2): 221/474 kB | 2.1/2.3 MBProgress (2): 221/474 kB | 2.1/2.3 MBProgress (2): 221/474 kB | 2.1/2.3 MBProgress (2): 221/474 kB | 2.1/2.3 MBProgress (2): 221/474 kB | 2.1/2.3 MBProgress (2): 221/474 kB | 2.1/2.3 MBProgress (2): 221/474 kB | 2.2/2.3 MBProgress (2): 221/474 kB | 2.2/2.3 MBProgress (2): 221/474 kB | 2.2/2.3 MBProgress (2): 221/474 kB | 2.2/2.3 MBProgress (2): 221/474 kB | 2.2/2.3 MBProgress (2): 221/474 kB | 2.2/2.3 MBProgress (2): 221/474 kB | 2.3/2.3 MBProgress (2): 221/474 kB | 2.3/2.3 MBProgress (2): 221/474 kB | 2.3/2.3 MBProgress (2): 221/474 kB | 2.3/2.3 MBProgress (2): 221/474 kB | 2.3/2.3 MBProgress (2): 221/474 kB | 2.3/2.3 MBProgress (2): 221/474 kB | 2.3 MB    Progress (2): 238/474 kB | 2.3 MBProgress (2): 254/474 kB | 2.3 MBProgress (2): 270/474 kB | 2.3 MBProgress (2): 287/474 kB | 2.3 MB                                 Downloaded from central: https://repo.maven.apache.org/maven2/org/apache/maven/surefire/surefire-shared-utils/3.1.2/surefire-shared-utils-3.1.2.jar (2.3 MB at 2.0 MB/s)
Progress (1): 303/474 kBProgress (1): 319/474 kBProgress (1): 328/474 kBProgress (1): 344/474 kBProgress (1): 360/474 kBProgress (1): 377/474 kBProgress (1): 393/474 kBProgress (1): 410/474 kBProgress (1): 426/474 kBProgress (1): 442/474 kBProgress (1): 459/474 kBProgress (1): 474 kB                        Downloaded from central: https://repo.maven.apache.org/maven2/commons-io/commons-io/2.12.0/commons-io-2.12.0.jar (474 kB at 310 kB/s)
[INFO] Using auto detected provider org.apache.maven.surefire.junitplatform.JUnitPlatformProvider
Downloading from central: https://repo.maven.apache.org/maven2/org/apache/maven/surefire/surefire-junit-platform/3.1.2/surefire-junit-platform-3.1.2.pom
Progress (1): 847 BProgress (1): 3.5 kBProgress (1): 4.7 kB                    Downloaded from central: https://repo.maven.apache.org/maven2/org/apache/maven/surefire/surefire-junit-platform/3.1.2/surefire-junit-platform-3.1.2.pom (4.7 kB at 47 kB/s)
Downloading from central: https://repo.maven.apache.org/maven2/org/apache/maven/surefire/surefire-providers/3.1.2/surefire-providers-3.1.2.pom
Progress (1): 849 BProgress (1): 2.6 kB                    Downloaded from central: https://repo.maven.apache.org/maven2/org/apache/maven/surefire/surefire-providers/3.1.2/surefire-providers-3.1.2.pom (2.6 kB at 24 kB/s)
Downloading from central: https://repo.maven.apache.org/maven2/org/apache/maven/surefire/common-java5/3.1.2/common-java5-3.1.2.pom
Progress (1): 849 BProgress (1): 2.6 kBProgress (1): 2.8 kB                    Downloaded from central: https://repo.maven.apache.org/maven2/org/apache/maven/surefire/common-java5/3.1.2/common-java5-3.1.2.pom (2.8 kB at 26 kB/s)
Downloading from central: https://repo.maven.apache.org/maven2/org/junit/platform/junit-platform-launcher/1.9.2/junit-platform-launcher-1.9.2.pom
Progress (1): 966 BProgress (1): 3.0 kB                    Downloaded from central: https://repo.maven.apache.org/maven2/org/junit/platform/junit-platform-launcher/1.9.2/junit-platform-launcher-1.9.2.pom (3.0 kB at 22 kB/s)
Downloading from central: https://repo.maven.apache.org/maven2/org/junit/platform/junit-platform-engine/1.9.2/junit-platform-engine-1.9.2.pom
Progress (1): 957 BProgress (1): 3.2 kB                    Downloaded from central: https://repo.maven.apache.org/maven2/org/junit/platform/junit-platform-engine/1.9.2/junit-platform-engine-1.9.2.pom (3.2 kB at 32 kB/s)
Downloading from central: https://repo.maven.apache.org/maven2/org/opentest4j/opentest4j/1.2.0/opentest4j-1.2.0.pom
Progress (1): 1.2 kBProgress (1): 1.7 kB                    Downloaded from central: https://repo.maven.apache.org/maven2/org/opentest4j/opentest4j/1.2.0/opentest4j-1.2.0.pom (1.7 kB at 37 kB/s)
Downloading from central: https://repo.maven.apache.org/maven2/org/junit/platform/junit-platform-commons/1.9.2/junit-platform-commons-1.9.2.pom
Progress (1): 971 BProgress (1): 2.8 kB                    Downloaded from central: https://repo.maven.apache.org/maven2/org/junit/platform/junit-platform-commons/1.9.2/junit-platform-commons-1.9.2.pom (2.8 kB at 23 kB/s)
Downloading from central: https://repo.maven.apache.org/maven2/org/apache/maven/surefire/surefire-junit-platform/3.1.2/surefire-junit-platform-3.1.2.jar
Downloading from central: https://repo.maven.apache.org/maven2/org/apache/maven/surefire/common-java5/3.1.2/common-java5-3.1.2.jar
Downloading from central: https://repo.maven.apache.org/maven2/org/junit/platform/junit-platform-engine/1.9.2/junit-platform-engine-1.9.2.jar
Downloading from central: https://repo.maven.apache.org/maven2/org/junit/platform/junit-platform-launcher/1.9.2/junit-platform-launcher-1.9.2.jar
Downloading from central: https://repo.maven.apache.org/maven2/org/opentest4j/opentest4j/1.2.0/opentest4j-1.2.0.jar
Progress (1): 3.8/169 kBProgress (1): 7.7/169 kBProgress (1): 12/169 kB Progress (1): 16/169 kBProgress (1): 20/169 kBProgress (1): 25/169 kBProgress (1): 29/169 kBProgress (1): 33/169 kBProgress (2): 33/169 kB | 3.8/7.7 kBProgress (2): 33/169 kB | 7.7 kB    Progress (2): 37/169 kB | 7.7 kBProgress (2): 42/169 kB | 7.7 kBProgress (3): 42/169 kB | 7.7 kB | 3.4/18 kBProgress (3): 42/169 kB | 7.7 kB | 18 kB                                            Downloaded from central: https://repo.maven.apache.org/maven2/org/opentest4j/opentest4j/1.2.0/opentest4j-1.2.0.jar (7.7 kB at 105 kB/s)
Downloading from central: https://repo.maven.apache.org/maven2/org/junit/platform/junit-platform-commons/1.9.2/junit-platform-commons-1.9.2.jar
Downloaded from central: https://repo.maven.apache.org/maven2/org/apache/maven/surefire/common-java5/3.1.2/common-java5-3.1.2.jar (18 kB at 234 kB/s)
Progress (1): 46/169 kBProgress (1): 50/169 kBProgress (1): 54/169 kBProgress (1): 57/169 kBProgress (1): 73/169 kBProgress (1): 90/169 kBProgress (1): 106/169 kBProgress (1): 122/169 kBProgress (2): 122/169 kB | 8.2/27 kBProgress (2): 122/169 kB | 16/27 kB Progress (2): 139/169 kB | 16/27 kBProgress (2): 155/169 kB | 16/27 kBProgress (2): 169 kB | 16/27 kB                                   Downloaded from central: https://repo.maven.apache.org/maven2/org/junit/platform/junit-platform-launcher/1.9.2/junit-platform-launcher-1.9.2.jar (169 kB at 1.4 MB/s)
Progress (1): 27 kBProgress (2): 27 kB | 7.7/189 kBProgress (2): 27 kB | 16/189 kB Progress (2): 27 kB | 16/189 kB                               Downloaded from central: https://repo.maven.apache.org/maven2/org/apache/maven/surefire/surefire-junit-platform/3.1.2/surefire-junit-platform-3.1.2.jar (27 kB at 198 kB/s)
Progress (2): 16/189 kB | 7.7/103 kBProgress (2): 16/189 kB | 8.2/103 kBProgress (2): 16/189 kB | 25/103 kB Progress (2): 16/189 kB | 41/103 kBProgress (2): 16/189 kB | 57/103 kBProgress (2): 16/189 kB | 74/103 kBProgress (2): 16/189 kB | 90/103 kBProgress (2): 16/189 kB | 103 kB                                   Downloaded from central: https://repo.maven.apache.org/maven2/org/junit/platform/junit-platform-commons/1.9.2/junit-platform-commons-1.9.2.jar (103 kB at 716 kB/s)
Progress (1): 33/189 kBProgress (1): 49/189 kBProgress (1): 66/189 kBProgress (1): 74/189 kBProgress (1): 90/189 kBProgress (1): 106/189 kBProgress (1): 115/189 kBProgress (1): 131/189 kBProgress (1): 147/189 kBProgress (1): 164/189 kBProgress (1): 172/189 kBProgress (1): 180/189 kBProgress (1): 189 kB                        Downloaded from central: https://repo.maven.apache.org/maven2/org/junit/platform/junit-platform-engine/1.9.2/junit-platform-engine-1.9.2.jar (189 kB at 676 kB/s)
Downloading from central: https://repo.maven.apache.org/maven2/org/junit/platform/junit-platform-launcher/1.10.1/junit-platform-launcher-1.10.1.pom
Progress (1): 967 BProgress (1): 3.0 kB                    Downloaded from central: https://repo.maven.apache.org/maven2/org/junit/platform/junit-platform-launcher/1.10.1/junit-platform-launcher-1.10.1.pom (3.0 kB at 25 kB/s)
Downloading from central: https://repo.maven.apache.org/maven2/org/junit/platform/junit-platform-launcher/1.10.1/junit-platform-launcher-1.10.1.jar
Progress (1): 7.7/184 kBProgress (1): 16/184 kB Progress (1): 32/184 kBProgress (1): 49/184 kBProgress (1): 57/184 kBProgress (1): 74/184 kBProgress (1): 90/184 kBProgress (1): 106/184 kBProgress (1): 123/184 kBProgress (1): 139/184 kBProgress (1): 156/184 kBProgress (1): 172/184 kBProgress (1): 184 kB                        Downloaded from central: https://repo.maven.apache.org/maven2/org/junit/platform/junit-platform-launcher/1.10.1/junit-platform-launcher-1.10.1.jar (184 kB at 371 kB/s)
[INFO] 
[INFO] -------------------------------------------------------
[INFO]  T E S T S
[INFO] -------------------------------------------------------
[INFO] Running com.motorental.MotorbikeRentalApplicationTests
14:00:05.085 [main] INFO org.springframework.test.context.support.AnnotationConfigContextLoaderUtils -- Could not detect default configuration classes for test class [com.motorental.MotorbikeRentalApplicationTests]: MotorbikeRentalApplicationTests does not declare any static, non-private, non-final, nested classes annotated with @Configuration.
14:00:05.201 [main] INFO org.springframework.boot.test.context.SpringBootTestContextBootstrapper -- Found @SpringBootConfiguration com.motorental.MotorbikeRentalApplication for test class com.motorental.MotorbikeRentalApplicationTests
14:00:05.382 [main] INFO org.springframework.boot.devtools.restart.RestartApplicationListener -- Restart disabled due to context in which it is running

  .   ____          _            __ _ _
 /\\ / ___'_ __ _ _(_)_ __  __ _ \ \ \ \
( ( )\___ | '_ | '_| | '_ \/ _` | \ \ \ \
 \\/  ___)| |_)| | | | | || (_| |  ) ) ) )
  '  |____| .__|_| |_|_| |_\__, | / / / /
 =========|_|==============|___/=/_/_/_/
 :: Spring Boot ::                (v3.2.1)

2026-03-24T14:00:05.608+07:00  INFO 3420 --- [           main] c.m.MotorbikeRentalApplicationTests      : Starting MotorbikeRentalApplicationTests using Java 17.0.14 with PID 3420 (started by Admin in C:\Users\Admin\Project_javaSpringboot)
2026-03-24T14:00:05.610+07:00  INFO 3420 --- [           main] c.m.MotorbikeRentalApplicationTests      : No active profile set, falling back to 1 default profile: "default"
2026-03-24T14:00:06.503+07:00  INFO 3420 --- [           main] .s.d.r.c.RepositoryConfigurationDelegate : Bootstrapping Spring Data JPA repositories in DEFAULT mode.
2026-03-24T14:00:06.573+07:00  INFO 3420 --- [           main] .s.d.r.c.RepositoryConfigurationDelegate : Finished Spring Data repository scanning in 62 ms. Found 12 JPA repository interfaces.
2026-03-24T14:00:07.098+07:00  WARN 3420 --- [           main] o.s.w.c.s.GenericWebApplicationContext   : Exception encountered during context initialization - cancelling refresh attempt: org.springframework.beans.factory.UnsatisfiedDependencyException: Error creating bean with name 'dataSourceScriptDatabaseInitializer' defined in class path resource [org/springframework/boot/autoconfigure/sql/init/DataSourceInitializationConfiguration.class]: Unsatisfied dependency expressed through method 'dataSourceScriptDatabaseInitializer' parameter 0: Error creating bean with name 'dataSource' defined in class path resource [org/springframework/boot/autoconfigure/jdbc/DataSourceConfiguration$Hikari.class]: Failed to instantiate [com.zaxxer.hikari.HikariDataSource]: Factory method 'dataSource' threw exception with message: Failed to determine a suitable driver class
2026-03-24T14:00:07.108+07:00  INFO 3420 --- [           main] .s.b.a.l.ConditionEvaluationReportLogger : 

Error starting ApplicationContext. To display the condition evaluation report re-run your application with 'debug' enabled.
2026-03-24T14:00:07.134+07:00 ERROR 3420 --- [           main] o.s.b.d.LoggingFailureAnalysisReporter   : 

***************************
APPLICATION FAILED TO START
***************************

Description:

Failed to configure a DataSource: 'url' attribute is not specified and no embedded datasource could be configured.

Reason: Failed to determine a suitable driver class


Action:

Consider the following:
	If you want an embedded database (H2, HSQL or Derby), please put it on the classpath.
	If you have database settings to be loaded from a particular profile you may need to activate it (no profiles are currently active).

2026-03-24T14:00:07.143+07:00  WARN 3420 --- [           main] o.s.test.context.TestContextManager      : Caught exception while allowing TestExecutionListener [org.springframework.test.context.web.ServletTestExecutionListener] to prepare test instance [com.motorental.MotorbikeRentalApplicationTests@6d0e45a5]

java.lang.IllegalStateException: Failed to load ApplicationContext for [WebMergedContextConfiguration@515ab3f2 testClass = com.motorental.MotorbikeRentalApplicationTests, locations = [], classes = [com.motorental.MotorbikeRentalApplication], contextInitializerClasses = [], activeProfiles = [], propertySourceDescriptors = [], propertySourceProperties = ["org.springframework.boot.test.context.SpringBootTestContextBootstrapper=true"], contextCustomizers = [org.springframework.boot.test.context.filter.ExcludeFilterContextCustomizer@1807f5a7, org.springframework.boot.test.json.DuplicateJsonObjectContextCustomizerFactory$DuplicateJsonObjectContextCustomizer@7dfd3c81, org.springframework.boot.test.mock.mockito.MockitoContextCustomizer@0, org.springframework.boot.test.web.client.TestRestTemplateContextCustomizer@24c1b2d2, org.springframework.boot.test.autoconfigure.actuate.observability.ObservabilityContextCustomizerFactory$DisableObservabilityContextCustomizer@1f, org.springframework.boot.test.autoconfigure.properties.PropertyMappingContextCustomizer@0, org.springframework.boot.test.autoconfigure.web.servlet.WebDriverContextCustomizer@17503f6b, org.springframework.boot.test.context.SpringBootTestAnnotation@93e18aa8], resourceBasePath = "src/main/webapp", contextLoader = org.springframework.boot.test.context.SpringBootContextLoader, parent = null]
	at org.springframework.test.context.cache.DefaultCacheAwareContextLoaderDelegate.loadContext(DefaultCacheAwareContextLoaderDelegate.java:180) ~[spring-test-6.1.2.jar:6.1.2]
	at org.springframework.test.context.support.DefaultTestContext.getApplicationContext(DefaultTestContext.java:130) ~[spring-test-6.1.2.jar:6.1.2]
	at org.springframework.test.context.web.ServletTestExecutionListener.setUpRequestContextIfNecessary(ServletTestExecutionListener.java:191) ~[spring-test-6.1.2.jar:6.1.2]
	at org.springframework.test.context.web.ServletTestExecutionListener.prepareTestInstance(ServletTestExecutionListener.java:130) ~[spring-test-6.1.2.jar:6.1.2]
	at org.springframework.test.context.TestContextManager.prepareTestInstance(TestContextManager.java:260) ~[spring-test-6.1.2.jar:6.1.2]
	at org.springframework.test.context.junit.jupiter.SpringExtension.postProcessTestInstance(SpringExtension.java:163) ~[spring-test-6.1.2.jar:6.1.2]
	at org.junit.jupiter.engine.descriptor.ClassBasedTestDescriptor.lambda$invokeTestInstancePostProcessors$10(ClassBasedTestDescriptor.java:378) ~[junit-jupiter-engine-5.10.1.jar:5.10.1]
	at org.junit.jupiter.engine.descriptor.ClassBasedTestDescriptor.executeAndMaskThrowable(ClassBasedTestDescriptor.java:383) ~[junit-jupiter-engine-5.10.1.jar:5.10.1]
	at org.junit.jupiter.engine.descriptor.ClassBasedTestDescriptor.lambda$invokeTestInstancePostProcessors$11(ClassBasedTestDescriptor.java:378) ~[junit-jupiter-engine-5.10.1.jar:5.10.1]
	at java.base/java.util.stream.ReferencePipeline$3$1.accept(ReferencePipeline.java:197) ~[na:na]
	at java.base/java.util.stream.ReferencePipeline$2$1.accept(ReferencePipeline.java:179) ~[na:na]
	at java.base/java.util.ArrayList$ArrayListSpliterator.forEachRemaining(ArrayList.java:1625) ~[na:na]
	at java.base/java.util.stream.AbstractPipeline.copyInto(AbstractPipeline.java:509) ~[na:na]
	at java.base/java.util.stream.AbstractPipeline.wrapAndCopyInto(AbstractPipeline.java:499) ~[na:na]
	at java.base/java.util.stream.StreamSpliterators$WrappingSpliterator.forEachRemaining(StreamSpliterators.java:310) ~[na:na]
	at java.base/java.util.stream.Streams$ConcatSpliterator.forEachRemaining(Streams.java:735) ~[na:na]
	at java.base/java.util.stream.Streams$ConcatSpliterator.forEachRemaining(Streams.java:734) ~[na:na]
	at java.base/java.util.stream.ReferencePipeline$Head.forEach(ReferencePipeline.java:762) ~[na:na]
	at org.junit.jupiter.engine.descriptor.ClassBasedTestDescriptor.invokeTestInstancePostProcessors(ClassBasedTestDescriptor.java:377) ~[junit-jupiter-engine-5.10.1.jar:5.10.1]
	at org.junit.jupiter.engine.descriptor.ClassBasedTestDescriptor.lambda$instantiateAndPostProcessTestInstance$6(ClassBasedTestDescriptor.java:290) ~[junit-jupiter-engine-5.10.1.jar:5.10.1]
	at org.junit.platform.engine.support.hierarchical.ThrowableCollector.execute(ThrowableCollector.java:73) ~[junit-platform-engine-1.10.1.jar:1.10.1]
	at org.junit.jupiter.engine.descriptor.ClassBasedTestDescriptor.instantiateAndPostProcessTestInstance(ClassBasedTestDescriptor.java:289) ~[junit-jupiter-engine-5.10.1.jar:5.10.1]
	at org.junit.jupiter.engine.descriptor.ClassBasedTestDescriptor.lambda$testInstancesProvider$4(ClassBasedTestDescriptor.java:279) ~[junit-jupiter-engine-5.10.1.jar:5.10.1]
	at java.base/java.util.Optional.orElseGet(Optional.java:364) ~[na:na]
	at org.junit.jupiter.engine.descriptor.ClassBasedTestDescriptor.lambda$testInstancesProvider$5(ClassBasedTestDescriptor.java:278) ~[junit-jupiter-engine-5.10.1.jar:5.10.1]
	at org.junit.jupiter.engine.execution.TestInstancesProvider.getTestInstances(TestInstancesProvider.java:31) ~[junit-jupiter-engine-5.10.1.jar:5.10.1]
	at org.junit.jupiter.engine.descriptor.TestMethodTestDescriptor.lambda$prepare$0(TestMethodTestDescriptor.java:106) ~[junit-jupiter-engine-5.10.1.jar:5.10.1]
	at org.junit.platform.engine.support.hierarchical.ThrowableCollector.execute(ThrowableCollector.java:73) ~[junit-platform-engine-1.10.1.jar:1.10.1]
	at org.junit.jupiter.engine.descriptor.TestMethodTestDescriptor.prepare(TestMethodTestDescriptor.java:105) ~[junit-jupiter-engine-5.10.1.jar:5.10.1]
	at org.junit.jupiter.engine.descriptor.TestMethodTestDescriptor.prepare(TestMethodTestDescriptor.java:69) ~[junit-jupiter-engine-5.10.1.jar:5.10.1]
	at org.junit.platform.engine.support.hierarchical.NodeTestTask.lambda$prepare$2(NodeTestTask.java:123) ~[junit-platform-engine-1.10.1.jar:1.10.1]
	at org.junit.platform.engine.support.hierarchical.ThrowableCollector.execute(ThrowableCollector.java:73) ~[junit-platform-engine-1.10.1.jar:1.10.1]
	at org.junit.platform.engine.support.hierarchical.NodeTestTask.prepare(NodeTestTask.java:123) ~[junit-platform-engine-1.10.1.jar:1.10.1]
	at org.junit.platform.engine.support.hierarchical.NodeTestTask.execute(NodeTestTask.java:90) ~[junit-platform-engine-1.10.1.jar:1.10.1]
	at java.base/java.util.ArrayList.forEach(ArrayList.java:1511) ~[na:na]
	at org.junit.platform.engine.support.hierarchical.SameThreadHierarchicalTestExecutorService.invokeAll(SameThreadHierarchicalTestExecutorService.java:41) ~[junit-platform-engine-1.10.1.jar:1.10.1]
	at org.junit.platform.engine.support.hierarchical.NodeTestTask.lambda$executeRecursively$6(NodeTestTask.java:155) ~[junit-platform-engine-1.10.1.jar:1.10.1]
	at org.junit.platform.engine.support.hierarchical.ThrowableCollector.execute(ThrowableCollector.java:73) ~[junit-platform-engine-1.10.1.jar:1.10.1]
	at org.junit.platform.engine.support.hierarchical.NodeTestTask.lambda$executeRecursively$8(NodeTestTask.java:141) ~[junit-platform-engine-1.10.1.jar:1.10.1]
	at org.junit.platform.engine.support.hierarchical.Node.around(Node.java:137) ~[junit-platform-engine-1.10.1.jar:1.10.1]
	at org.junit.platform.engine.support.hierarchical.NodeTestTask.lambda$executeRecursively$9(NodeTestTask.java:139) ~[junit-platform-engine-1.10.1.jar:1.10.1]
	at org.junit.platform.engine.support.hierarchical.ThrowableCollector.execute(ThrowableCollector.java:73) ~[junit-platform-engine-1.10.1.jar:1.10.1]
	at org.junit.platform.engine.support.hierarchical.NodeTestTask.executeRecursively(NodeTestTask.java:138) ~[junit-platform-engine-1.10.1.jar:1.10.1]
	at org.junit.platform.engine.support.hierarchical.NodeTestTask.execute(NodeTestTask.java:95) ~[junit-platform-engine-1.10.1.jar:1.10.1]
	at java.base/java.util.ArrayList.forEach(ArrayList.java:1511) ~[na:na]
	at org.junit.platform.engine.support.hierarchical.SameThreadHierarchicalTestExecutorService.invokeAll(SameThreadHierarchicalTestExecutorService.java:41) ~[junit-platform-engine-1.10.1.jar:1.10.1]
	at org.junit.platform.engine.support.hierarchical.NodeTestTask.lambda$executeRecursively$6(NodeTestTask.java:155) ~[junit-platform-engine-1.10.1.jar:1.10.1]
	at org.junit.platform.engine.support.hierarchical.ThrowableCollector.execute(ThrowableCollector.java:73) ~[junit-platform-engine-1.10.1.jar:1.10.1]
	at org.junit.platform.engine.support.hierarchical.NodeTestTask.lambda$executeRecursively$8(NodeTestTask.java:141) ~[junit-platform-engine-1.10.1.jar:1.10.1]
	at org.junit.platform.engine.support.hierarchical.Node.around(Node.java:137) ~[junit-platform-engine-1.10.1.jar:1.10.1]
	at org.junit.platform.engine.support.hierarchical.NodeTestTask.lambda$executeRecursively$9(NodeTestTask.java:139) ~[junit-platform-engine-1.10.1.jar:1.10.1]
	at org.junit.platform.engine.support.hierarchical.ThrowableCollector.execute(ThrowableCollector.java:73) ~[junit-platform-engine-1.10.1.jar:1.10.1]
	at org.junit.platform.engine.support.hierarchical.NodeTestTask.executeRecursively(NodeTestTask.java:138) ~[junit-platform-engine-1.10.1.jar:1.10.1]
	at org.junit.platform.engine.support.hierarchical.NodeTestTask.execute(NodeTestTask.java:95) ~[junit-platform-engine-1.10.1.jar:1.10.1]
	at org.junit.platform.engine.support.hierarchical.SameThreadHierarchicalTestExecutorService.submit(SameThreadHierarchicalTestExecutorService.java:35) ~[junit-platform-engine-1.10.1.jar:1.10.1]
	at org.junit.platform.engine.support.hierarchical.HierarchicalTestExecutor.execute(HierarchicalTestExecutor.java:57) ~[junit-platform-engine-1.10.1.jar:1.10.1]
	at org.junit.platform.engine.support.hierarchical.HierarchicalTestEngine.execute(HierarchicalTestEngine.java:54) ~[junit-platform-engine-1.10.1.jar:1.10.1]
	at org.junit.platform.launcher.core.EngineExecutionOrchestrator.execute(EngineExecutionOrchestrator.java:198) ~[junit-platform-launcher-1.10.1.jar:1.10.1]
	at org.junit.platform.launcher.core.EngineExecutionOrchestrator.execute(EngineExecutionOrchestrator.java:169) ~[junit-platform-launcher-1.10.1.jar:1.10.1]
	at org.junit.platform.launcher.core.EngineExecutionOrchestrator.execute(EngineExecutionOrchestrator.java:93) ~[junit-platform-launcher-1.10.1.jar:1.10.1]
	at org.junit.platform.launcher.core.EngineExecutionOrchestrator.lambda$execute$0(EngineExecutionOrchestrator.java:58) ~[junit-platform-launcher-1.10.1.jar:1.10.1]
	at org.junit.platform.launcher.core.EngineExecutionOrchestrator.withInterceptedStreams(EngineExecutionOrchestrator.java:141) ~[junit-platform-launcher-1.10.1.jar:1.10.1]
	at org.junit.platform.launcher.core.EngineExecutionOrchestrator.execute(EngineExecutionOrchestrator.java:57) ~[junit-platform-launcher-1.10.1.jar:1.10.1]
	at org.junit.platform.launcher.core.DefaultLauncher.execute(DefaultLauncher.java:103) ~[junit-platform-launcher-1.10.1.jar:1.10.1]
	at org.junit.platform.launcher.core.DefaultLauncher.execute(DefaultLauncher.java:85) ~[junit-platform-launcher-1.10.1.jar:1.10.1]
	at org.junit.platform.launcher.core.DelegatingLauncher.execute(DelegatingLauncher.java:47) ~[junit-platform-launcher-1.10.1.jar:1.10.1]
	at org.apache.maven.surefire.junitplatform.LazyLauncher.execute(LazyLauncher.java:56) ~[surefire-junit-platform-3.1.2.jar:3.1.2]
	at org.apache.maven.surefire.junitplatform.JUnitPlatformProvider.execute(JUnitPlatformProvider.java:184) ~[surefire-junit-platform-3.1.2.jar:3.1.2]
	at org.apache.maven.surefire.junitplatform.JUnitPlatformProvider.invokeAllTests(JUnitPlatformProvider.java:148) ~[surefire-junit-platform-3.1.2.jar:3.1.2]
	at org.apache.maven.surefire.junitplatform.JUnitPlatformProvider.invoke(JUnitPlatformProvider.java:122) ~[surefire-junit-platform-3.1.2.jar:3.1.2]
	at org.apache.maven.surefire.booter.ForkedBooter.runSuitesInProcess(ForkedBooter.java:385) ~[surefire-booter-3.1.2.jar:3.1.2]
	at org.apache.maven.surefire.booter.ForkedBooter.execute(ForkedBooter.java:162) ~[surefire-booter-3.1.2.jar:3.1.2]
	at org.apache.maven.surefire.booter.ForkedBooter.run(ForkedBooter.java:507) ~[surefire-booter-3.1.2.jar:3.1.2]
	at org.apache.maven.surefire.booter.ForkedBooter.main(ForkedBooter.java:495) ~[surefire-booter-3.1.2.jar:3.1.2]
Caused by: org.springframework.beans.factory.UnsatisfiedDependencyException: Error creating bean with name 'dataSourceScriptDatabaseInitializer' defined in class path resource [org/springframework/boot/autoconfigure/sql/init/DataSourceInitializationConfiguration.class]: Unsatisfied dependency expressed through method 'dataSourceScriptDatabaseInitializer' parameter 0: Error creating bean with name 'dataSource' defined in class path resource [org/springframework/boot/autoconfigure/jdbc/DataSourceConfiguration$Hikari.class]: Failed to instantiate [com.zaxxer.hikari.HikariDataSource]: Factory method 'dataSource' threw exception with message: Failed to determine a suitable driver class
	at org.springframework.beans.factory.support.ConstructorResolver.createArgumentArray(ConstructorResolver.java:802) ~[spring-beans-6.1.2.jar:6.1.2]
	at org.springframework.beans.factory.support.ConstructorResolver.instantiateUsingFactoryMethod(ConstructorResolver.java:546) ~[spring-beans-6.1.2.jar:6.1.2]
	at org.springframework.beans.factory.support.AbstractAutowireCapableBeanFactory.instantiateUsingFactoryMethod(AbstractAutowireCapableBeanFactory.java:1334) ~[spring-beans-6.1.2.jar:6.1.2]
	at org.springframework.beans.factory.support.AbstractAutowireCapableBeanFactory.createBeanInstance(AbstractAutowireCapableBeanFactory.java:1164) ~[spring-beans-6.1.2.jar:6.1.2]
	at org.springframework.beans.factory.support.AbstractAutowireCapableBeanFactory.doCreateBean(AbstractAutowireCapableBeanFactory.java:561) ~[spring-beans-6.1.2.jar:6.1.2]
	at org.springframework.beans.factory.support.AbstractAutowireCapableBeanFactory.createBean(AbstractAutowireCapableBeanFactory.java:521) ~[spring-beans-6.1.2.jar:6.1.2]
	at org.springframework.beans.factory.support.AbstractBeanFactory.lambda$doGetBean$0(AbstractBeanFactory.java:325) ~[spring-beans-6.1.2.jar:6.1.2]
	at org.springframework.beans.factory.support.DefaultSingletonBeanRegistry.getSingleton(DefaultSingletonBeanRegistry.java:234) ~[spring-beans-6.1.2.jar:6.1.2]
	at org.springframework.beans.factory.support.AbstractBeanFactory.doGetBean(AbstractBeanFactory.java:323) ~[spring-beans-6.1.2.jar:6.1.2]
	at org.springframework.beans.factory.support.AbstractBeanFactory.getBean(AbstractBeanFactory.java:199) ~[spring-beans-6.1.2.jar:6.1.2]
	at org.springframework.beans.factory.support.AbstractBeanFactory.doGetBean(AbstractBeanFactory.java:312) ~[spring-beans-6.1.2.jar:6.1.2]
	at org.springframework.beans.factory.support.AbstractBeanFactory.getBean(AbstractBeanFactory.java:199) ~[spring-beans-6.1.2.jar:6.1.2]
	at org.springframework.context.support.AbstractApplicationContext.getBean(AbstractApplicationContext.java:1232) ~[spring-context-6.1.2.jar:6.1.2]
	at org.springframework.context.support.AbstractApplicationContext.finishBeanFactoryInitialization(AbstractApplicationContext.java:950) ~[spring-context-6.1.2.jar:6.1.2]
	at org.springframework.context.support.AbstractApplicationContext.refresh(AbstractApplicationContext.java:625) ~[spring-context-6.1.2.jar:6.1.2]
	at org.springframework.boot.SpringApplication.refresh(SpringApplication.java:762) ~[spring-boot-3.2.1.jar:3.2.1]
	at org.springframework.boot.SpringApplication.refreshContext(SpringApplication.java:464) ~[spring-boot-3.2.1.jar:3.2.1]
	at org.springframework.boot.SpringApplication.run(SpringApplication.java:334) ~[spring-boot-3.2.1.jar:3.2.1]
	at org.springframework.boot.test.context.SpringBootContextLoader.lambda$loadContext$3(SpringBootContextLoader.java:137) ~[spring-boot-test-3.2.1.jar:3.2.1]
	at org.springframework.util.function.ThrowingSupplier.get(ThrowingSupplier.java:58) ~[spring-core-6.1.2.jar:6.1.2]
	at org.springframework.util.function.ThrowingSupplier.get(ThrowingSupplier.java:46) ~[spring-core-6.1.2.jar:6.1.2]
	at org.springframework.boot.SpringApplication.withHook(SpringApplication.java:1458) ~[spring-boot-3.2.1.jar:3.2.1]
	at org.springframework.boot.test.context.SpringBootContextLoader$ContextLoaderHook.run(SpringBootContextLoader.java:552) ~[spring-boot-test-3.2.1.jar:3.2.1]
	at org.springframework.boot.test.context.SpringBootContextLoader.loadContext(SpringBootContextLoader.java:137) ~[spring-boot-test-3.2.1.jar:3.2.1]
	at org.springframework.boot.test.context.SpringBootContextLoader.loadContext(SpringBootContextLoader.java:108) ~[spring-boot-test-3.2.1.jar:3.2.1]
	at org.springframework.test.context.cache.DefaultCacheAwareContextLoaderDelegate.loadContextInternal(DefaultCacheAwareContextLoaderDelegate.java:225) ~[spring-test-6.1.2.jar:6.1.2]
	at org.springframework.test.context.cache.DefaultCacheAwareContextLoaderDelegate.loadContext(DefaultCacheAwareContextLoaderDelegate.java:152) ~[spring-test-6.1.2.jar:6.1.2]
	... 73 common frames omitted
Caused by: org.springframework.beans.factory.BeanCreationException: Error creating bean with name 'dataSource' defined in class path resource [org/springframework/boot/autoconfigure/jdbc/DataSourceConfiguration$Hikari.class]: Failed to instantiate [com.zaxxer.hikari.HikariDataSource]: Factory method 'dataSource' threw exception with message: Failed to determine a suitable driver class
	at org.springframework.beans.factory.support.ConstructorResolver.instantiate(ConstructorResolver.java:655) ~[spring-beans-6.1.2.jar:6.1.2]
	at org.springframework.beans.factory.support.ConstructorResolver.instantiateUsingFactoryMethod(ConstructorResolver.java:643) ~[spring-beans-6.1.2.jar:6.1.2]
	at org.springframework.beans.factory.support.AbstractAutowireCapableBeanFactory.instantiateUsingFactoryMethod(AbstractAutowireCapableBeanFactory.java:1334) ~[spring-beans-6.1.2.jar:6.1.2]
	at org.springframework.beans.factory.support.AbstractAutowireCapableBeanFactory.createBeanInstance(AbstractAutowireCapableBeanFactory.java:1164) ~[spring-beans-6.1.2.jar:6.1.2]
	at org.springframework.beans.factory.support.AbstractAutowireCapableBeanFactory.doCreateBean(AbstractAutowireCapableBeanFactory.java:561) ~[spring-beans-6.1.2.jar:6.1.2]
	at org.springframework.beans.factory.support.AbstractAutowireCapableBeanFactory.createBean(AbstractAutowireCapableBeanFactory.java:521) ~[spring-beans-6.1.2.jar:6.1.2]
	at org.springframework.beans.factory.support.AbstractBeanFactory.lambda$doGetBean$0(AbstractBeanFactory.java:325) ~[spring-beans-6.1.2.jar:6.1.2]
	at org.springframework.beans.factory.support.DefaultSingletonBeanRegistry.getSingleton(DefaultSingletonBeanRegistry.java:234) ~[spring-beans-6.1.2.jar:6.1.2]
	at org.springframework.beans.factory.support.AbstractBeanFactory.doGetBean(AbstractBeanFactory.java:323) ~[spring-beans-6.1.2.jar:6.1.2]
	at org.springframework.beans.factory.support.AbstractBeanFactory.getBean(AbstractBeanFactory.java:199) ~[spring-beans-6.1.2.jar:6.1.2]
	at org.springframework.beans.factory.config.DependencyDescriptor.resolveCandidate(DependencyDescriptor.java:254) ~[spring-beans-6.1.2.jar:6.1.2]
	at org.springframework.beans.factory.support.DefaultListableBeanFactory.doResolveDependency(DefaultListableBeanFactory.java:1443) ~[spring-beans-6.1.2.jar:6.1.2]
	at org.springframework.beans.factory.support.DefaultListableBeanFactory.resolveDependency(DefaultListableBeanFactory.java:1353) ~[spring-beans-6.1.2.jar:6.1.2]
	at org.springframework.beans.factory.support.ConstructorResolver.resolveAutowiredArgument(ConstructorResolver.java:911) ~[spring-beans-6.1.2.jar:6.1.2]
	at org.springframework.beans.factory.support.ConstructorResolver.createArgumentArray(ConstructorResolver.java:789) ~[spring-beans-6.1.2.jar:6.1.2]
	... 99 common frames omitted
Caused by: org.springframework.beans.BeanInstantiationException: Failed to instantiate [com.zaxxer.hikari.HikariDataSource]: Factory method 'dataSource' threw exception with message: Failed to determine a suitable driver class
	at org.springframework.beans.factory.support.SimpleInstantiationStrategy.instantiate(SimpleInstantiationStrategy.java:177) ~[spring-beans-6.1.2.jar:6.1.2]
	at org.springframework.beans.factory.support.ConstructorResolver.instantiate(ConstructorResolver.java:651) ~[spring-beans-6.1.2.jar:6.1.2]
	... 113 common frames omitted
Caused by: org.springframework.boot.autoconfigure.jdbc.DataSourceProperties$DataSourceBeanCreationException: Failed to determine a suitable driver class
	at org.springframework.boot.autoconfigure.jdbc.DataSourceProperties.determineDriverClassName(DataSourceProperties.java:186) ~[spring-boot-autoconfigure-3.2.1.jar:3.2.1]
	at org.springframework.boot.autoconfigure.jdbc.PropertiesJdbcConnectionDetails.getDriverClassName(PropertiesJdbcConnectionDetails.java:49) ~[spring-boot-autoconfigure-3.2.1.jar:3.2.1]
	at org.springframework.boot.autoconfigure.jdbc.DataSourceConfiguration.createDataSource(DataSourceConfiguration.java:55) ~[spring-boot-autoconfigure-3.2.1.jar:3.2.1]
	at org.springframework.boot.autoconfigure.jdbc.DataSourceConfiguration$Hikari.dataSource(DataSourceConfiguration.java:117) ~[spring-boot-autoconfigure-3.2.1.jar:3.2.1]
	at java.base/jdk.internal.reflect.NativeMethodAccessorImpl.invoke0(Native Method) ~[na:na]
	at java.base/jdk.internal.reflect.NativeMethodAccessorImpl.invoke(NativeMethodAccessorImpl.java:77) ~[na:na]
	at java.base/jdk.internal.reflect.DelegatingMethodAccessorImpl.invoke(DelegatingMethodAccessorImpl.java:43) ~[na:na]
	at java.base/java.lang.reflect.Method.invoke(Method.java:569) ~[na:na]
	at org.springframework.beans.factory.support.SimpleInstantiationStrategy.instantiate(SimpleInstantiationStrategy.java:140) ~[spring-beans-6.1.2.jar:6.1.2]
	... 114 common frames omitted

[ERROR] Tests run: 1, Failures: 0, Errors: 1, Skipped: 0, Time elapsed: 2.250 s <<< FAILURE! -- in com.motorental.MotorbikeRentalApplicationTests
[ERROR] com.motorental.MotorbikeRentalApplicationTests.contextLoads -- Time elapsed: 0.024 s <<< ERROR!
java.lang.IllegalStateException: Failed to load ApplicationContext for [WebMergedContextConfiguration@515ab3f2 testClass = com.motorental.MotorbikeRentalApplicationTests, locations = [], classes = [com.motorental.MotorbikeRentalApplication], contextInitializerClasses = [], activeProfiles = [], propertySourceDescriptors = [], propertySourceProperties = ["org.springframework.boot.test.context.SpringBootTestContextBootstrapper=true"], contextCustomizers = [org.springframework.boot.test.context.filter.ExcludeFilterContextCustomizer@1807f5a7, org.springframework.boot.test.json.DuplicateJsonObjectContextCustomizerFactory$DuplicateJsonObjectContextCustomizer@7dfd3c81, org.springframework.boot.test.mock.mockito.MockitoContextCustomizer@0, org.springframework.boot.test.web.client.TestRestTemplateContextCustomizer@24c1b2d2, org.springframework.boot.test.autoconfigure.actuate.observability.ObservabilityContextCustomizerFactory$DisableObservabilityContextCustomizer@1f, org.springframework.boot.test.autoconfigure.properties.PropertyMappingContextCustomizer@0, org.springframework.boot.test.autoconfigure.web.servlet.WebDriverContextCustomizer@17503f6b, org.springframework.boot.test.context.SpringBootTestAnnotation@93e18aa8], resourceBasePath = "src/main/webapp", contextLoader = org.springframework.boot.test.context.SpringBootContextLoader, parent = null]
	at org.springframework.test.context.cache.DefaultCacheAwareContextLoaderDelegate.loadContext(DefaultCacheAwareContextLoaderDelegate.java:180)
	at org.springframework.test.context.support.DefaultTestContext.getApplicationContext(DefaultTestContext.java:130)
	at org.springframework.test.context.web.ServletTestExecutionListener.setUpRequestContextIfNecessary(ServletTestExecutionListener.java:191)
	at org.springframework.test.context.web.ServletTestExecutionListener.prepareTestInstance(ServletTestExecutionListener.java:130)
	at org.springframework.test.context.TestContextManager.prepareTestInstance(TestContextManager.java:260)
	at org.springframework.test.context.junit.jupiter.SpringExtension.postProcessTestInstance(SpringExtension.java:163)
	at java.base/java.util.stream.ReferencePipeline$3$1.accept(ReferencePipeline.java:197)
	at java.base/java.util.stream.ReferencePipeline$2$1.accept(ReferencePipeline.java:179)
	at java.base/java.util.ArrayList$ArrayListSpliterator.forEachRemaining(ArrayList.java:1625)
	at java.base/java.util.stream.AbstractPipeline.copyInto(AbstractPipeline.java:509)
	at java.base/java.util.stream.AbstractPipeline.wrapAndCopyInto(AbstractPipeline.java:499)
	at java.base/java.util.stream.StreamSpliterators$WrappingSpliterator.forEachRemaining(StreamSpliterators.java:310)
	at java.base/java.util.stream.Streams$ConcatSpliterator.forEachRemaining(Streams.java:735)
	at java.base/java.util.stream.Streams$ConcatSpliterator.forEachRemaining(Streams.java:734)
	at java.base/java.util.stream.ReferencePipeline$Head.forEach(ReferencePipeline.java:762)
	at java.base/java.util.Optional.orElseGet(Optional.java:364)
	at java.base/java.util.ArrayList.forEach(ArrayList.java:1511)
	at java.base/java.util.ArrayList.forEach(ArrayList.java:1511)
Caused by: org.springframework.beans.factory.UnsatisfiedDependencyException: Error creating bean with name 'dataSourceScriptDatabaseInitializer' defined in class path resource [org/springframework/boot/autoconfigure/sql/init/DataSourceInitializationConfiguration.class]: Unsatisfied dependency expressed through method 'dataSourceScriptDatabaseInitializer' parameter 0: Error creating bean with name 'dataSource' defined in class path resource [org/springframework/boot/autoconfigure/jdbc/DataSourceConfiguration$Hikari.class]: Failed to instantiate [com.zaxxer.hikari.HikariDataSource]: Factory method 'dataSource' threw exception with message: Failed to determine a suitable driver class
	at org.springframework.beans.factory.support.ConstructorResolver.createArgumentArray(ConstructorResolver.java:802)
	at org.springframework.beans.factory.support.ConstructorResolver.instantiateUsingFactoryMethod(ConstructorResolver.java:546)
	at org.springframework.beans.factory.support.AbstractAutowireCapableBeanFactory.instantiateUsingFactoryMethod(AbstractAutowireCapableBeanFactory.java:1334)
	at org.springframework.beans.factory.support.AbstractAutowireCapableBeanFactory.createBeanInstance(AbstractAutowireCapableBeanFactory.java:1164)
	at org.springframework.beans.factory.support.AbstractAutowireCapableBeanFactory.doCreateBean(AbstractAutowireCapableBeanFactory.java:561)
	at org.springframework.beans.factory.support.AbstractAutowireCapableBeanFactory.createBean(AbstractAutowireCapableBeanFactory.java:521)
	at org.springframework.beans.factory.support.AbstractBeanFactory.lambda$doGetBean$0(AbstractBeanFactory.java:325)
	at org.springframework.beans.factory.support.DefaultSingletonBeanRegistry.getSingleton(DefaultSingletonBeanRegistry.java:234)
	at org.springframework.beans.factory.support.AbstractBeanFactory.doGetBean(AbstractBeanFactory.java:323)
	at org.springframework.beans.factory.support.AbstractBeanFactory.getBean(AbstractBeanFactory.java:199)
	at org.springframework.beans.factory.support.AbstractBeanFactory.doGetBean(AbstractBeanFactory.java:312)
	at org.springframework.beans.factory.support.AbstractBeanFactory.getBean(AbstractBeanFactory.java:199)
	at org.springframework.context.support.AbstractApplicationContext.getBean(AbstractApplicationContext.java:1232)
	at org.springframework.context.support.AbstractApplicationContext.finishBeanFactoryInitialization(AbstractApplicationContext.java:950)
	at org.springframework.context.support.AbstractApplicationContext.refresh(AbstractApplicationContext.java:625)
	at org.springframework.boot.SpringApplication.refresh(SpringApplication.java:762)
	at org.springframework.boot.SpringApplication.refreshContext(SpringApplication.java:464)
	at org.springframework.boot.SpringApplication.run(SpringApplication.java:334)
	at org.springframework.boot.test.context.SpringBootContextLoader.lambda$loadContext$3(SpringBootContextLoader.java:137)
	at org.springframework.util.function.ThrowingSupplier.get(ThrowingSupplier.java:58)
	at org.springframework.util.function.ThrowingSupplier.get(ThrowingSupplier.java:46)
	at org.springframework.boot.SpringApplication.withHook(SpringApplication.java:1458)
	at org.springframework.boot.test.context.SpringBootContextLoader$ContextLoaderHook.run(SpringBootContextLoader.java:552)
	at org.springframework.boot.test.context.SpringBootContextLoader.loadContext(SpringBootContextLoader.java:137)
	at org.springframework.boot.test.context.SpringBootContextLoader.loadContext(SpringBootContextLoader.java:108)
	at org.springframework.test.context.cache.DefaultCacheAwareContextLoaderDelegate.loadContextInternal(DefaultCacheAwareContextLoaderDelegate.java:225)
	at org.springframework.test.context.cache.DefaultCacheAwareContextLoaderDelegate.loadContext(DefaultCacheAwareContextLoaderDelegate.java:152)
	... 17 more
Caused by: org.springframework.beans.factory.BeanCreationException: Error creating bean with name 'dataSource' defined in class path resource [org/springframework/boot/autoconfigure/jdbc/DataSourceConfiguration$Hikari.class]: Failed to instantiate [com.zaxxer.hikari.HikariDataSource]: Factory method 'dataSource' threw exception with message: Failed to determine a suitable driver class
	at org.springframework.beans.factory.support.ConstructorResolver.instantiate(ConstructorResolver.java:655)
	at org.springframework.beans.factory.support.ConstructorResolver.instantiateUsingFactoryMethod(ConstructorResolver.java:643)
	at org.springframework.beans.factory.support.AbstractAutowireCapableBeanFactory.instantiateUsingFactoryMethod(AbstractAutowireCapableBeanFactory.java:1334)
	at org.springframework.beans.factory.support.AbstractAutowireCapableBeanFactory.createBeanInstance(AbstractAutowireCapableBeanFactory.java:1164)
	at org.springframework.beans.factory.support.AbstractAutowireCapableBeanFactory.doCreateBean(AbstractAutowireCapableBeanFactory.java:561)
	at org.springframework.beans.factory.support.AbstractAutowireCapableBeanFactory.createBean(AbstractAutowireCapableBeanFactory.java:521)
	at org.springframework.beans.factory.support.AbstractBeanFactory.lambda$doGetBean$0(AbstractBeanFactory.java:325)
	at org.springframework.beans.factory.support.DefaultSingletonBeanRegistry.getSingleton(DefaultSingletonBeanRegistry.java:234)
	at org.springframework.beans.factory.support.AbstractBeanFactory.doGetBean(AbstractBeanFactory.java:323)
	at org.springframework.beans.factory.support.AbstractBeanFactory.getBean(AbstractBeanFactory.java:199)
	at org.springframework.beans.factory.config.DependencyDescriptor.resolveCandidate(DependencyDescriptor.java:254)
	at org.springframework.beans.factory.support.DefaultListableBeanFactory.doResolveDependency(DefaultListableBeanFactory.java:1443)
	at org.springframework.beans.factory.support.DefaultListableBeanFactory.resolveDependency(DefaultListableBeanFactory.java:1353)
	at org.springframework.beans.factory.support.ConstructorResolver.resolveAutowiredArgument(ConstructorResolver.java:911)
	at org.springframework.beans.factory.support.ConstructorResolver.createArgumentArray(ConstructorResolver.java:789)
	... 43 more
Caused by: org.springframework.beans.BeanInstantiationException: Failed to instantiate [com.zaxxer.hikari.HikariDataSource]: Factory method 'dataSource' threw exception with message: Failed to determine a suitable driver class
	at org.springframework.beans.factory.support.SimpleInstantiationStrategy.instantiate(SimpleInstantiationStrategy.java:177)
	at org.springframework.beans.factory.support.ConstructorResolver.instantiate(ConstructorResolver.java:651)
	... 57 more
Caused by: org.springframework.boot.autoconfigure.jdbc.DataSourceProperties$DataSourceBeanCreationException: Failed to determine a suitable driver class
	at org.springframework.boot.autoconfigure.jdbc.DataSourceProperties.determineDriverClassName(DataSourceProperties.java:186)
	at org.springframework.boot.autoconfigure.jdbc.PropertiesJdbcConnectionDetails.getDriverClassName(PropertiesJdbcConnectionDetails.java:49)
	at org.springframework.boot.autoconfigure.jdbc.DataSourceConfiguration.createDataSource(DataSourceConfiguration.java:55)
	at org.springframework.boot.autoconfigure.jdbc.DataSourceConfiguration$Hikari.dataSource(DataSourceConfiguration.java:117)
	at java.base/java.lang.reflect.Method.invoke(Method.java:569)
	at org.springframework.beans.factory.support.SimpleInstantiationStrategy.instantiate(SimpleInstantiationStrategy.java:140)
	... 58 more

[INFO] 
[INFO] Results:
[INFO] 
[ERROR] Errors: 
[ERROR]   MotorbikeRentalApplicationTests.contextLoads » IllegalState Failed to load ApplicationContext for [WebMergedContextConfiguration@515ab3f2 testClass = com.motorental.MotorbikeRentalApplicationTests, locations = [], classes = [com.motorental.MotorbikeRentalApplication], contextInitializerClasses = [], activeProfiles = [], propertySourceDescriptors = [], propertySourceProperties = ["org.springframework.boot.test.context.SpringBootTestContextBootstrapper=true"], contextCustomizers = [org.springframework.boot.test.context.filter.ExcludeFilterContextCustomizer@1807f5a7, org.springframework.boot.test.json.DuplicateJsonObjectContextCustomizerFactory$DuplicateJsonObjectContextCustomizer@7dfd3c81, org.springframework.boot.test.mock.mockito.MockitoContextCustomizer@0, org.springframework.boot.test.web.client.TestRestTemplateContextCustomizer@24c1b2d2, org.springframework.boot.test.autoconfigure.actuate.observability.ObservabilityContextCustomizerFactory$DisableObservabilityContextCustomizer@1f, org.springframework.boot.test.autoconfigure.properties.PropertyMappingContextCustomizer@0, org.springframework.boot.test.autoconfigure.web.servlet.WebDriverContextCustomizer@17503f6b, org.springframework.boot.test.context.SpringBootTestAnnotation@93e18aa8], resourceBasePath = "src/main/webapp", contextLoader = org.springframework.boot.test.context.SpringBootContextLoader, parent = null]
[INFO] 
[ERROR] Tests run: 1, Failures: 0, Errors: 1, Skipped: 0
[INFO] 
[INFO] ------------------------------------------------------------------------
[INFO] BUILD FAILURE
[INFO] ------------------------------------------------------------------------
[INFO] Total time:  12.570 s
[INFO] Finished at: 2026-03-24T14:00:07+07:00
[INFO] ------------------------------------------------------------------------
[ERROR] Failed to execute goal org.apache.maven.plugins:maven-surefire-plugin:3.1.2:test (default-test) on project motorbike-rental: 
[ERROR] 
[ERROR] Please refer to C:\Users\Admin\Project_javaSpringboot\target\surefire-reports for the individual test results.
[ERROR] Please refer to dump files (if any exist) [date].dump, [date]-jvmRun[N].dump and [date].dumpstream.
[ERROR] -> [Help 1]
[ERROR] 
[ERROR] To see the full stack trace of the errors, re-run Maven with the -e switch.
[ERROR] Re-run Maven using the -X switch to enable full debug logging.
[ERROR] 
[ERROR] For more information about the errors and possible solutions, please read the following articles:
[ERROR] [Help 1] http://cwiki.apache.org/confluence/display/MAVEN/MojoFailureException
